Vivado Simulator 2017.4
Copyright 1986-1999, 2001-2016 Xilinx, Inc. All Rights Reserved.
Running: E:/vivado/Vivado/2017.4/bin/unwrapped/win64.o/xelab.exe -wto a24cfe15e8584d888f1d7e82e1f5d6c4 --incr --debug typical --relax --mt 2 -L xil_defaultlib -L unisims_ver -L unimacro_ver -L secureip --snapshot rs422_top_behav xil_defaultlib.rs422_top xil_defaultlib.glbl -log elaborate.log 
Using 2 slave threads.
Starting static elaboration
Completed static elaboration
Starting simulation data flow analysis
WARNING: [XSIM 43-4099] "F:/FPGA/RS422/RS422.srcs/sources_1/new/uart_test.v" Line 30. Module uart_test doesn't have a timescale but at least one module in design has a timescale.
WARNING: [XSIM 43-4099] "F:/FPGA/RS422/RS422.srcs/sources_1/new/uart_rx.v" Line 29. Module uart_rx_default doesn't have a timescale but at least one module in design has a timescale.
WARNING: [XSIM 43-4099] "F:/FPGA/RS422/RS422.srcs/sources_1/new/uart_tx.v" Line 29. Module uart_tx_default doesn't have a timescale but at least one module in design has a timescale.
WARNING: [XSIM 43-4099] "F:/FPGA/RS422/RS422.srcs/sources_1/new/uart_test.v" Line 30. Module uart_test doesn't have a timescale but at least one module in design has a timescale.
WARNING: [XSIM 43-4099] "F:/FPGA/RS422/RS422.srcs/sources_1/new/uart_rx.v" Line 29. Module uart_rx_default doesn't have a timescale but at least one module in design has a timescale.
WARNING: [XSIM 43-4099] "F:/FPGA/RS422/RS422.srcs/sources_1/new/uart_tx.v" Line 29. Module uart_tx_default doesn't have a timescale but at least one module in design has a timescale.
Completed simulation data flow analysis
Time Resolution for simulation is 1ps
Compiling module xil_defaultlib.uart_rx_default
Compiling module xil_defaultlib.uart_tx_default
Compiling module xil_defaultlib.uart_test
Compiling module xil_defaultlib.rs422_top
Compiling module xil_defaultlib.glbl
Built simulation snapshot rs422_top_behav
