
*** Running vivado
    with args -log pwm_test.vds -m64 -product Vivado -mode batch -messageDb vivado.pb -notrace -source pwm_test.tcl


****** Vivado v2017.4 (64-bit)
  **** SW Build 2086221 on Fri Dec 15 20:55:39 MST 2017
  **** IP Build 2085800 on Fri Dec 15 22:25:07 MST 2017
    ** Copyright 1986-2017 Xilinx, Inc. All Rights Reserved.

source pwm_test.tcl -notrace
Command: synth_design -top pwm_test -part xc7z020clg400-2
Starting synth_design
Attempting to get a license for feature 'Synthesis' and/or device 'xc7z020'
INFO: [Common 17-349] Got license for feature 'Synthesis' and/or device 'xc7z020'
INFO: Launching helper process for spawning children vivado processes
INFO: Helper process launched with PID 24140 
---------------------------------------------------------------------------------
Starting RTL Elaboration : Time (s): cpu = 00:00:04 ; elapsed = 00:00:04 . Memory (MB): peak = 386.910 ; gain = 97.086
---------------------------------------------------------------------------------
INFO: [Synth 8-638] synthesizing module 'pwm_test' [F:/FPGA/pwm/pwm.srcs/sources_1/new/pwm_test.v:23]
	Parameter CLK_FREQ bound to: 50 - type: integer 
	Parameter US_COUNT bound to: 50 - type: integer 
	Parameter MS_COUNT bound to: 50000 - type: integer 
	Parameter DUTY_STEP bound to: 100000 - type: integer 
	Parameter DUTY_MIN_VALUE bound to: 1879048191 - type: integer 
	Parameter DUTY_MAX_VALUE bound to: -1 - type: integer 
	Parameter IDLE bound to: 0 - type: integer 
	Parameter PWM_PLUS bound to: 1 - type: integer 
	Parameter PWM_MINUS bound to: 2 - type: integer 
	Parameter PWM_GAP bound to: 3 - type: integer 
INFO: [Synth 8-638] synthesizing module 'pwm' [F:/FPGA/pwm/pwm.srcs/sources_1/new/pwm.v:23]
	Parameter N bound to: 32 - type: integer 
INFO: [Synth 8-256] done synthesizing module 'pwm' (1#1) [F:/FPGA/pwm/pwm.srcs/sources_1/new/pwm.v:23]
INFO: [Synth 8-256] done synthesizing module 'pwm_test' (2#1) [F:/FPGA/pwm/pwm.srcs/sources_1/new/pwm_test.v:23]
---------------------------------------------------------------------------------
Finished RTL Elaboration : Time (s): cpu = 00:00:05 ; elapsed = 00:00:05 . Memory (MB): peak = 438.906 ; gain = 149.082
---------------------------------------------------------------------------------

Report Check Netlist: 
+------+------------------+-------+---------+-------+------------------+
|      |Item              |Errors |Warnings |Status |Description       |
+------+------------------+-------+---------+-------+------------------+
|1     |multi_driven_nets |      0|        0|Passed |Multi driven nets |
+------+------------------+-------+---------+-------+------------------+
---------------------------------------------------------------------------------
Finished RTL Optimization Phase 1 : Time (s): cpu = 00:00:05 ; elapsed = 00:00:05 . Memory (MB): peak = 438.906 ; gain = 149.082
---------------------------------------------------------------------------------
INFO: [Device 21-403] Loading part xc7z020clg400-2
INFO: [Project 1-570] Preparing netlist for logic optimization

Processing XDC Constraints
Initializing timing engine
Parsing XDC File [F:/FPGA/pwm/pwm.srcs/constrs_1/new/pwm.xdc]
Finished Parsing XDC File [F:/FPGA/pwm/pwm.srcs/constrs_1/new/pwm.xdc]
INFO: [Project 1-236] Implementation specific constraints were found while reading constraint file [F:/FPGA/pwm/pwm.srcs/constrs_1/new/pwm.xdc]. These constraints will be ignored for synthesis but will be used in implementation. Impacted constraints are listed in the file [.Xil/pwm_test_propImpl.xdc].
Resolution: To avoid this warning, move constraints listed in [.Xil/pwm_test_propImpl.xdc] to another XDC file and exclude this new file from synthesis with the used_in_synthesis property (File Properties dialog in GUI) and re-run elaboration/synthesis.
Completed Processing XDC Constraints

INFO: [Project 1-111] Unisim Transformation Summary:
No Unisim elements were transformed.

Constraint Validation Runtime : Time (s): cpu = 00:00:00 ; elapsed = 00:00:00.001 . Memory (MB): peak = 797.453 ; gain = 0.000
---------------------------------------------------------------------------------
Finished Constraint Validation : Time (s): cpu = 00:00:14 ; elapsed = 00:00:15 . Memory (MB): peak = 797.453 ; gain = 507.629
---------------------------------------------------------------------------------
---------------------------------------------------------------------------------
Start Loading Part and Timing Information
---------------------------------------------------------------------------------
Loading part: xc7z020clg400-2
---------------------------------------------------------------------------------
Finished Loading Part and Timing Information : Time (s): cpu = 00:00:14 ; elapsed = 00:00:15 . Memory (MB): peak = 797.453 ; gain = 507.629
---------------------------------------------------------------------------------
---------------------------------------------------------------------------------
Start Applying 'set_property' XDC Constraints
---------------------------------------------------------------------------------
---------------------------------------------------------------------------------
Finished applying 'set_property' XDC Constraints : Time (s): cpu = 00:00:14 ; elapsed = 00:00:15 . Memory (MB): peak = 797.453 ; gain = 507.629
---------------------------------------------------------------------------------
WARNING: [Synth 8-6014] Unused sequential element period_cnt_reg was removed.  [F:/FPGA/pwm/pwm.srcs/sources_1/new/pwm.v:53]
INFO: [Synth 8-802] inferred FSM for state register 'state_reg' in module 'pwm_test'
INFO: [Synth 8-5544] ROM "pwm_flag" won't be mapped to Block RAM because address size (4) smaller than threshold (5)
INFO: [Synth 8-5544] ROM "duty" won't be mapped to Block RAM because address size (4) smaller than threshold (5)
INFO: [Synth 8-5544] ROM "timer" won't be mapped to Block RAM because address size (4) smaller than threshold (5)
INFO: [Synth 8-5544] ROM "period" won't be mapped to Block RAM because address size (4) smaller than threshold (5)
INFO: [Synth 8-5544] ROM "state" won't be mapped to Block RAM because address size (1) smaller than threshold (5)
WARNING: [Synth 8-6014] Unused sequential element timer_reg was removed.  [F:/FPGA/pwm/pwm.srcs/sources_1/new/pwm_test.v:55]
---------------------------------------------------------------------------------------------------
                   State |                     New Encoding |                Previous Encoding 
---------------------------------------------------------------------------------------------------
                    IDLE |                               00 |                             0000
                PWM_PLUS |                               01 |                             0001
                 PWM_GAP |                               10 |                             0011
               PWM_MINUS |                               11 |                             0010
---------------------------------------------------------------------------------------------------
INFO: [Synth 8-3354] encoded FSM with state register 'state_reg' using encoding 'sequential' in module 'pwm_test'
---------------------------------------------------------------------------------
Finished RTL Optimization Phase 2 : Time (s): cpu = 00:00:14 ; elapsed = 00:00:15 . Memory (MB): peak = 797.453 ; gain = 507.629
---------------------------------------------------------------------------------

Report RTL Partitions: 
+-+--------------+------------+----------+
| |RTL Partition |Replication |Instances |
+-+--------------+------------+----------+
+-+--------------+------------+----------+
---------------------------------------------------------------------------------
Start RTL Component Statistics 
---------------------------------------------------------------------------------
Detailed RTL Component Info : 
+---Adders : 
	   2 Input     32 Bit       Adders := 2     
+---Registers : 
	               32 Bit    Registers := 4     
	                1 Bit    Registers := 2     
+---Muxes : 
	   2 Input     32 Bit        Muxes := 2     
	   4 Input     32 Bit        Muxes := 1     
	   5 Input      2 Bit        Muxes := 1     
	   4 Input      1 Bit        Muxes := 5     
---------------------------------------------------------------------------------
Finished RTL Component Statistics 
---------------------------------------------------------------------------------
---------------------------------------------------------------------------------
Start RTL Hierarchical Component Statistics 
---------------------------------------------------------------------------------
Hierarchical RTL Component report 
Module pwm_test 
Detailed RTL Component Info : 
+---Adders : 
	   2 Input     32 Bit       Adders := 2     
+---Registers : 
	               32 Bit    Registers := 2     
	                1 Bit    Registers := 1     
+---Muxes : 
	   2 Input     32 Bit        Muxes := 2     
	   4 Input     32 Bit        Muxes := 1     
	   5 Input      2 Bit        Muxes := 1     
	   4 Input      1 Bit        Muxes := 5     
Module pwm 
Detailed RTL Component Info : 
+---Registers : 
	               32 Bit    Registers := 2     
	                1 Bit    Registers := 1     
---------------------------------------------------------------------------------
Finished RTL Hierarchical Component Statistics
---------------------------------------------------------------------------------
---------------------------------------------------------------------------------
Start Part Resource Summary
---------------------------------------------------------------------------------
Part Resources:
DSPs: 220 (col length:60)
BRAMs: 280 (col length: RAMB18 60 RAMB36 30)
---------------------------------------------------------------------------------
Finished Part Resource Summary
---------------------------------------------------------------------------------
---------------------------------------------------------------------------------
Start Cross Boundary and Area Optimization
---------------------------------------------------------------------------------
WARNING: [Synth 8-6014] Unused sequential element pwm/period_cnt_reg was removed.  [F:/FPGA/pwm/pwm.srcs/sources_1/new/pwm.v:53]
WARNING: [Synth 8-6014] Unused sequential element timer_reg was removed.  [F:/FPGA/pwm/pwm.srcs/sources_1/new/pwm_test.v:55]
INFO: [Synth 8-3886] merging instance 'period_reg[0]' (FDCE) to 'period_reg[1]'
INFO: [Synth 8-3886] merging instance 'period_reg[1]' (FDCE) to 'period_reg[3]'
INFO: [Synth 8-3886] merging instance 'period_reg[2]' (FDCE) to 'period_reg[5]'
INFO: [Synth 8-3886] merging instance 'period_reg[3]' (FDCE) to 'period_reg[4]'
INFO: [Synth 8-3886] merging instance 'period_reg[4]' (FDCE) to 'period_reg[8]'
INFO: [Synth 8-3886] merging instance 'period_reg[5]' (FDCE) to 'period_reg[6]'
INFO: [Synth 8-3886] merging instance 'period_reg[6]' (FDCE) to 'period_reg[7]'
INFO: [Synth 8-3886] merging instance 'period_reg[7]' (FDCE) to 'period_reg[10]'
INFO: [Synth 8-3886] merging instance 'period_reg[8]' (FDCE) to 'period_reg[9]'
INFO: [Synth 8-3886] merging instance 'period_reg[9]' (FDCE) to 'period_reg[14]'
INFO: [Synth 8-3886] merging instance 'period_reg[10]' (FDCE) to 'period_reg[11]'
INFO: [Synth 8-3886] merging instance 'period_reg[11]' (FDCE) to 'period_reg[12]'
INFO: [Synth 8-3886] merging instance 'period_reg[12]' (FDCE) to 'period_reg[13]'
INFO: [Synth 8-3886] merging instance 'period_reg[13]' (FDCE) to 'period_reg[15]'
INFO: [Synth 8-3886] merging instance 'period_reg[15]' (FDCE) to 'period_reg[16]'
INFO: [Synth 8-3886] merging instance 'period_reg[16]' (FDCE) to 'period_reg[17]'
INFO: [Synth 8-3886] merging instance 'period_reg[17]' (FDCE) to 'period_reg[18]'
INFO: [Synth 8-3886] merging instance 'period_reg[18]' (FDCE) to 'period_reg[19]'
INFO: [Synth 8-3886] merging instance 'period_reg[19]' (FDCE) to 'period_reg[20]'
INFO: [Synth 8-3886] merging instance 'period_reg[20]' (FDCE) to 'period_reg[21]'
INFO: [Synth 8-3886] merging instance 'period_reg[21]' (FDCE) to 'period_reg[22]'
INFO: [Synth 8-3886] merging instance 'period_reg[22]' (FDCE) to 'period_reg[23]'
INFO: [Synth 8-3886] merging instance 'period_reg[23]' (FDCE) to 'period_reg[24]'
INFO: [Synth 8-3886] merging instance 'period_reg[24]' (FDCE) to 'period_reg[25]'
INFO: [Synth 8-3886] merging instance 'period_reg[25]' (FDCE) to 'period_reg[26]'
INFO: [Synth 8-3886] merging instance 'period_reg[26]' (FDCE) to 'period_reg[27]'
INFO: [Synth 8-3886] merging instance 'period_reg[27]' (FDCE) to 'period_reg[28]'
INFO: [Synth 8-3886] merging instance 'period_reg[28]' (FDCE) to 'period_reg[29]'
INFO: [Synth 8-3886] merging instance 'period_reg[29]' (FDCE) to 'period_reg[30]'
INFO: [Synth 8-3886] merging instance 'period_reg[30]' (FDCE) to 'period_reg[31]'
INFO: [Synth 8-3333] propagating constant 0 across sequential element (\period_reg[31] )
INFO: [Synth 8-3886] merging instance 'pwm/period_r_reg[0]' (FDC) to 'pwm/period_r_reg[9]'
INFO: [Synth 8-3886] merging instance 'pwm/period_r_reg[1]' (FDC) to 'pwm/period_r_reg[9]'
INFO: [Synth 8-3886] merging instance 'pwm/period_r_reg[2]' (FDC) to 'pwm/period_r_reg[5]'
INFO: [Synth 8-3886] merging instance 'pwm/period_r_reg[3]' (FDC) to 'pwm/period_r_reg[9]'
INFO: [Synth 8-3886] merging instance 'pwm/period_r_reg[4]' (FDC) to 'pwm/period_r_reg[9]'
INFO: [Synth 8-3886] merging instance 'pwm/period_r_reg[5]' (FDC) to 'pwm/period_r_reg[6]'
INFO: [Synth 8-3886] merging instance 'pwm/period_r_reg[6]' (FDC) to 'pwm/period_r_reg[7]'
INFO: [Synth 8-3886] merging instance 'pwm/period_r_reg[7]' (FDC) to 'pwm/period_r_reg[10]'
INFO: [Synth 8-3886] merging instance 'pwm/period_r_reg[8]' (FDC) to 'pwm/period_r_reg[9]'
INFO: [Synth 8-3886] merging instance 'pwm/period_r_reg[9]' (FDC) to 'pwm/period_r_reg[14]'
INFO: [Synth 8-3886] merging instance 'pwm/period_r_reg[10]' (FDC) to 'pwm/period_r_reg[11]'
INFO: [Synth 8-3886] merging instance 'pwm/period_r_reg[11]' (FDC) to 'pwm/period_r_reg[12]'
INFO: [Synth 8-3886] merging instance 'pwm/period_r_reg[12]' (FDC) to 'pwm/period_r_reg[13]'
INFO: [Synth 8-3886] merging instance 'pwm/period_r_reg[13]' (FDC) to 'pwm/period_r_reg[15]'
INFO: [Synth 8-3886] merging instance 'pwm/period_r_reg[15]' (FDC) to 'pwm/period_r_reg[16]'
INFO: [Synth 8-3886] merging instance 'pwm/period_r_reg[16]' (FDC) to 'pwm/period_r_reg[17]'
INFO: [Synth 8-3886] merging instance 'pwm/period_r_reg[17]' (FDC) to 'pwm/period_r_reg[18]'
INFO: [Synth 8-3886] merging instance 'pwm/period_r_reg[18]' (FDC) to 'pwm/period_r_reg[19]'
INFO: [Synth 8-3886] merging instance 'pwm/period_r_reg[19]' (FDC) to 'pwm/period_r_reg[20]'
INFO: [Synth 8-3886] merging instance 'pwm/period_r_reg[20]' (FDC) to 'pwm/period_r_reg[21]'
INFO: [Synth 8-3886] merging instance 'pwm/period_r_reg[21]' (FDC) to 'pwm/period_r_reg[22]'
INFO: [Synth 8-3886] merging instance 'pwm/period_r_reg[22]' (FDC) to 'pwm/period_r_reg[23]'
INFO: [Synth 8-3886] merging instance 'pwm/period_r_reg[23]' (FDC) to 'pwm/period_r_reg[24]'
INFO: [Synth 8-3886] merging instance 'pwm/period_r_reg[24]' (FDC) to 'pwm/period_r_reg[25]'
INFO: [Synth 8-3886] merging instance 'pwm/period_r_reg[25]' (FDC) to 'pwm/period_r_reg[26]'
INFO: [Synth 8-3886] merging instance 'pwm/period_r_reg[26]' (FDC) to 'pwm/period_r_reg[27]'
INFO: [Synth 8-3886] merging instance 'pwm/period_r_reg[27]' (FDC) to 'pwm/period_r_reg[28]'
INFO: [Synth 8-3886] merging instance 'pwm/period_r_reg[28]' (FDC) to 'pwm/period_r_reg[29]'
INFO: [Synth 8-3886] merging instance 'pwm/period_r_reg[29]' (FDC) to 'pwm/period_r_reg[30]'
INFO: [Synth 8-3886] merging instance 'pwm/period_r_reg[30]' (FDC) to 'pwm/period_r_reg[31]'
WARNING: [Synth 8-3332] Sequential element (period_reg[31]) is unused and will be removed from module pwm_test.
WARNING: [Synth 8-3332] Sequential element (pwm/period_r_reg[31]) is unused and will be removed from module pwm_test.
INFO: [Synth 8-3886] merging instance 'i_2/timer_reg[25]' (FDCE) to 'i_2/timer_reg[31]'
INFO: [Synth 8-3886] merging instance 'i_2/timer_reg[29]' (FDCE) to 'i_2/timer_reg[31]'
INFO: [Synth 8-3886] merging instance 'i_2/timer_reg[19]' (FDCE) to 'i_2/timer_reg[31]'
INFO: [Synth 8-3886] merging instance 'i_2/timer_reg[23]' (FDCE) to 'i_2/timer_reg[31]'
INFO: [Synth 8-3886] merging instance 'i_2/timer_reg[18]' (FDCE) to 'i_2/timer_reg[31]'
INFO: [Synth 8-3886] merging instance 'i_2/timer_reg[22]' (FDCE) to 'i_2/timer_reg[31]'
INFO: [Synth 8-3886] merging instance 'i_2/timer_reg[21]' (FDCE) to 'i_2/timer_reg[31]'
INFO: [Synth 8-3886] merging instance 'i_2/timer_reg[28]' (FDCE) to 'i_2/timer_reg[31]'
INFO: [Synth 8-3886] merging instance 'i_2/timer_reg[17]' (FDCE) to 'i_2/timer_reg[31]'
INFO: [Synth 8-3886] merging instance 'i_2/timer_reg[16]' (FDCE) to 'i_2/timer_reg[31]'
INFO: [Synth 8-3886] merging instance 'i_2/timer_reg[20]' (FDCE) to 'i_2/timer_reg[31]'
INFO: [Synth 8-3886] merging instance 'i_2/timer_reg[27]' (FDCE) to 'i_2/timer_reg[31]'
INFO: [Synth 8-3886] merging instance 'i_2/timer_reg[24]' (FDCE) to 'i_2/timer_reg[31]'
INFO: [Synth 8-3886] merging instance 'i_2/timer_reg[15]' (FDCE) to 'i_2/timer_reg[31]'
INFO: [Synth 8-3886] merging instance 'i_2/timer_reg[14]' (FDCE) to 'i_2/timer_reg[31]'
INFO: [Synth 8-3886] merging instance 'i_2/timer_reg[30]' (FDCE) to 'i_2/timer_reg[31]'
INFO: [Synth 8-3886] merging instance 'i_2/timer_reg[31]' (FDCE) to 'i_2/timer_reg[26]'
INFO: [Synth 8-3333] propagating constant 0 across sequential element (i_2/\timer_reg[26] )
WARNING: [Synth 8-3332] Sequential element (timer_reg[26]) is unused and will be removed from module pwm_test.
---------------------------------------------------------------------------------
Finished Cross Boundary and Area Optimization : Time (s): cpu = 00:00:15 ; elapsed = 00:00:16 . Memory (MB): peak = 797.453 ; gain = 507.629
---------------------------------------------------------------------------------

Report RTL Partitions: 
+-+--------------+------------+----------+
| |RTL Partition |Replication |Instances |
+-+--------------+------------+----------+
+-+--------------+------------+----------+
---------------------------------------------------------------------------------
Start Applying XDC Timing Constraints
---------------------------------------------------------------------------------
---------------------------------------------------------------------------------
Finished Applying XDC Timing Constraints : Time (s): cpu = 00:00:23 ; elapsed = 00:00:24 . Memory (MB): peak = 797.453 ; gain = 507.629
---------------------------------------------------------------------------------
---------------------------------------------------------------------------------
Start Timing Optimization
---------------------------------------------------------------------------------
---------------------------------------------------------------------------------
Finished Timing Optimization : Time (s): cpu = 00:00:23 ; elapsed = 00:00:24 . Memory (MB): peak = 797.629 ; gain = 507.805
---------------------------------------------------------------------------------

Report RTL Partitions: 
+-+--------------+------------+----------+
| |RTL Partition |Replication |Instances |
+-+--------------+------------+----------+
+-+--------------+------------+----------+
---------------------------------------------------------------------------------
Start Technology Mapping
---------------------------------------------------------------------------------
---------------------------------------------------------------------------------
Finished Technology Mapping : Time (s): cpu = 00:00:23 ; elapsed = 00:00:24 . Memory (MB): peak = 818.621 ; gain = 528.797
---------------------------------------------------------------------------------

Report RTL Partitions: 
+-+--------------+------------+----------+
| |RTL Partition |Replication |Instances |
+-+--------------+------------+----------+
+-+--------------+------------+----------+
---------------------------------------------------------------------------------
Start IO Insertion
---------------------------------------------------------------------------------
---------------------------------------------------------------------------------
Start Flattening Before IO Insertion
---------------------------------------------------------------------------------
---------------------------------------------------------------------------------
Finished Flattening Before IO Insertion
---------------------------------------------------------------------------------
---------------------------------------------------------------------------------
Start Final Netlist Cleanup
---------------------------------------------------------------------------------
---------------------------------------------------------------------------------
Finished Final Netlist Cleanup
---------------------------------------------------------------------------------
---------------------------------------------------------------------------------
Finished IO Insertion : Time (s): cpu = 00:00:24 ; elapsed = 00:00:24 . Memory (MB): peak = 818.621 ; gain = 528.797
---------------------------------------------------------------------------------

Report Check Netlist: 
+------+------------------+-------+---------+-------+------------------+
|      |Item              |Errors |Warnings |Status |Description       |
+------+------------------+-------+---------+-------+------------------+
|1     |multi_driven_nets |      0|        0|Passed |Multi driven nets |
+------+------------------+-------+---------+-------+------------------+
---------------------------------------------------------------------------------
Start Renaming Generated Instances
---------------------------------------------------------------------------------
---------------------------------------------------------------------------------
Finished Renaming Generated Instances : Time (s): cpu = 00:00:24 ; elapsed = 00:00:24 . Memory (MB): peak = 818.621 ; gain = 528.797
---------------------------------------------------------------------------------

Report RTL Partitions: 
+-+--------------+------------+----------+
| |RTL Partition |Replication |Instances |
+-+--------------+------------+----------+
+-+--------------+------------+----------+
---------------------------------------------------------------------------------
Start Rebuilding User Hierarchy
---------------------------------------------------------------------------------
---------------------------------------------------------------------------------
Finished Rebuilding User Hierarchy : Time (s): cpu = 00:00:24 ; elapsed = 00:00:24 . Memory (MB): peak = 818.621 ; gain = 528.797
---------------------------------------------------------------------------------
---------------------------------------------------------------------------------
Start Renaming Generated Ports
---------------------------------------------------------------------------------
---------------------------------------------------------------------------------
Finished Renaming Generated Ports : Time (s): cpu = 00:00:24 ; elapsed = 00:00:24 . Memory (MB): peak = 818.621 ; gain = 528.797
---------------------------------------------------------------------------------
---------------------------------------------------------------------------------
Start Handling Custom Attributes
---------------------------------------------------------------------------------
---------------------------------------------------------------------------------
Finished Handling Custom Attributes : Time (s): cpu = 00:00:24 ; elapsed = 00:00:24 . Memory (MB): peak = 818.621 ; gain = 528.797
---------------------------------------------------------------------------------
---------------------------------------------------------------------------------
Start Renaming Generated Nets
---------------------------------------------------------------------------------
---------------------------------------------------------------------------------
Finished Renaming Generated Nets : Time (s): cpu = 00:00:24 ; elapsed = 00:00:24 . Memory (MB): peak = 818.621 ; gain = 528.797
---------------------------------------------------------------------------------
---------------------------------------------------------------------------------
Start Writing Synthesis Report
---------------------------------------------------------------------------------

Report BlackBoxes: 
+-+--------------+----------+
| |BlackBox name |Instances |
+-+--------------+----------+
+-+--------------+----------+

Report Cell Usage: 
+------+-------+------+
|      |Cell   |Count |
+------+-------+------+
|1     |BUFG   |     1|
|2     |CARRY4 |    30|
|3     |LUT1   |    30|
|4     |LUT2   |    27|
|5     |LUT3   |     3|
|6     |LUT4   |    43|
|7     |LUT5   |     4|
|8     |LUT6   |    34|
|9     |FDCE   |   116|
|10    |IBUF   |     2|
|11    |OBUF   |     1|
+------+-------+------+

Report Instance Areas: 
+------+---------+-------+------+
|      |Instance |Module |Cells |
+------+---------+-------+------+
|1     |top      |       |   291|
|2     |  pwm    |pwm    |   119|
+------+---------+-------+------+
---------------------------------------------------------------------------------
Finished Writing Synthesis Report : Time (s): cpu = 00:00:24 ; elapsed = 00:00:24 . Memory (MB): peak = 818.621 ; gain = 528.797
---------------------------------------------------------------------------------
Synthesis finished with 0 errors, 0 critical warnings and 7 warnings.
Synthesis Optimization Runtime : Time (s): cpu = 00:00:14 ; elapsed = 00:00:19 . Memory (MB): peak = 818.621 ; gain = 170.250
Synthesis Optimization Complete : Time (s): cpu = 00:00:24 ; elapsed = 00:00:25 . Memory (MB): peak = 818.621 ; gain = 528.797
INFO: [Project 1-571] Translating synthesized netlist
INFO: [Netlist 29-17] Analyzing 32 Unisim elements for replacement
INFO: [Netlist 29-28] Unisim Transformation completed in 0 CPU seconds
INFO: [Project 1-570] Preparing netlist for logic optimization
INFO: [Opt 31-138] Pushed 0 inverter(s) to 0 load pin(s).
INFO: [Project 1-111] Unisim Transformation Summary:
No Unisim elements were transformed.

INFO: [Common 17-83] Releasing license: Synthesis
102 Infos, 7 Warnings, 0 Critical Warnings and 0 Errors encountered.
synth_design completed successfully
synth_design: Time (s): cpu = 00:00:26 ; elapsed = 00:00:28 . Memory (MB): peak = 818.621 ; gain = 541.730
INFO: [Common 17-1381] The checkpoint 'F:/FPGA/pwm/pwm.runs/synth_1/pwm_test.dcp' has been generated.
INFO: [runtcl-4] Executing : report_utilization -file pwm_test_utilization_synth.rpt -pb pwm_test_utilization_synth.pb
report_utilization: Time (s): cpu = 00:00:00 ; elapsed = 00:00:00.026 . Memory (MB): peak = 818.621 ; gain = 0.000
INFO: [Common 17-206] Exiting Vivado at Wed Nov  6 23:39:43 2024...
