Vivado Simulator 2017.4
Time resolution is 1 ps
WARNING: "F:/FPGA/EEPROM/EEPROM.srcs/sources_1/new/24LC04B.v" Line 508: Timing violation in scope /i2c_eerom_tb/M24LC04B/TChk508_11453 at time 28734745 ps $width (negedge SCL,tLO) 
WARNING: "F:/FPGA/EEPROM/EEPROM.srcs/sources_1/new/24LC04B.v" Line 507: Timing violation in scope /i2c_eerom_tb/M24LC04B/TChk507_11452 at time 33694745 ps $width (posedge SCL,tHI) 
WARNING: "F:/FPGA/EEPROM/EEPROM.srcs/sources_1/new/24LC04B.v" Line 512: Timing violation in scope /i2c_eerom_tb/M24LC04B/TChk512_11455 at time 33695568 ps $setup (posedge SCL,negedge SDA &&& TimingCheckEnable,tSU_STA) 
WARNING: "F:/FPGA/EEPROM/EEPROM.srcs/sources_1/new/24LC04B.v" Line 508: Timing violation in scope /i2c_eerom_tb/M24LC04B/TChk508_11453 at time 38654745 ps $width (negedge SCL,tLO) 
WARNING: "F:/FPGA/EEPROM/EEPROM.srcs/sources_1/new/24LC04B.v" Line 507: Timing violation in scope /i2c_eerom_tb/M24LC04B/TChk507_11452 at time 43614745 ps $width (posedge SCL,tHI) 
WARNING: "F:/FPGA/EEPROM/EEPROM.srcs/sources_1/new/24LC04B.v" Line 514: Timing violation in scope /i2c_eerom_tb/M24LC04B/TChk514_11457 at time 43615568 ps $setup (posedge SCL,posedge SDA &&& TimingCheckEnable,tSU_STO) 
WARNING: "F:/FPGA/EEPROM/EEPROM.srcs/sources_1/new/24LC04B.v" Line 508: Timing violation in scope /i2c_eerom_tb/M24LC04B/TChk508_11453 at time 48574745 ps $width (negedge SCL,tLO) 
WARNING: "F:/FPGA/EEPROM/EEPROM.srcs/sources_1/new/24LC04B.v" Line 507: Timing violation in scope /i2c_eerom_tb/M24LC04B/TChk507_11452 at time 53534745 ps $width (posedge SCL,tHI) 
WARNING: "F:/FPGA/EEPROM/EEPROM.srcs/sources_1/new/24LC04B.v" Line 512: Timing violation in scope /i2c_eerom_tb/M24LC04B/TChk512_11455 at time 53535568 ps $setup (posedge SCL,negedge SDA &&& TimingCheckEnable,tSU_STA) 
WARNING: "F:/FPGA/EEPROM/EEPROM.srcs/sources_1/new/24LC04B.v" Line 508: Timing violation in scope /i2c_eerom_tb/M24LC04B/TChk508_11453 at time 58494745 ps $width (negedge SCL,tLO) 
WARNING: "F:/FPGA/EEPROM/EEPROM.srcs/sources_1/new/24LC04B.v" Line 507: Timing violation in scope /i2c_eerom_tb/M24LC04B/TChk507_11452 at time 63454745 ps $width (posedge SCL,tHI) 
WARNING: "F:/FPGA/EEPROM/EEPROM.srcs/sources_1/new/24LC04B.v" Line 514: Timing violation in scope /i2c_eerom_tb/M24LC04B/TChk514_11457 at time 63455568 ps $setup (posedge SCL,posedge SDA &&& TimingCheckEnable,tSU_STO) 
WARNING: "F:/FPGA/EEPROM/EEPROM.srcs/sources_1/new/24LC04B.v" Line 512: Timing violation in scope /i2c_eerom_tb/M24LC04B/TChk512_11455 at time 63456011 ps $setup (posedge SCL,negedge SDA &&& TimingCheckEnable,tSU_STA) 
WARNING: "F:/FPGA/EEPROM/EEPROM.srcs/sources_1/new/24LC04B.v" Line 508: Timing violation in scope /i2c_eerom_tb/M24LC04B/TChk508_11453 at time 68414745 ps $width (negedge SCL,tLO) 
WARNING: "F:/FPGA/EEPROM/EEPROM.srcs/sources_1/new/24LC04B.v" Line 507: Timing violation in scope /i2c_eerom_tb/M24LC04B/TChk507_11452 at time 73374745 ps $width (posedge SCL,tHI) 
WARNING: "F:/FPGA/EEPROM/EEPROM.srcs/sources_1/new/24LC04B.v" Line 508: Timing violation in scope /i2c_eerom_tb/M24LC04B/TChk508_11453 at time 78334745 ps $width (negedge SCL,tLO) 
WARNING: "F:/FPGA/EEPROM/EEPROM.srcs/sources_1/new/24LC04B.v" Line 507: Timing violation in scope /i2c_eerom_tb/M24LC04B/TChk507_11452 at time 83294745 ps $width (posedge SCL,tHI) 
WARNING: "F:/FPGA/EEPROM/EEPROM.srcs/sources_1/new/24LC04B.v" Line 508: Timing violation in scope /i2c_eerom_tb/M24LC04B/TChk508_11453 at time 88254745 ps $width (negedge SCL,tLO) 
WARNING: "F:/FPGA/EEPROM/EEPROM.srcs/sources_1/new/24LC04B.v" Line 507: Timing violation in scope /i2c_eerom_tb/M24LC04B/TChk507_11452 at time 93214745 ps $width (posedge SCL,tHI) 
WARNING: "F:/FPGA/EEPROM/EEPROM.srcs/sources_1/new/24LC04B.v" Line 508: Timing violation in scope /i2c_eerom_tb/M24LC04B/TChk508_11453 at time 98174745 ps $width (negedge SCL,tLO) 
WARNING: "F:/FPGA/EEPROM/EEPROM.srcs/sources_1/new/24LC04B.v" Line 513: Timing violation in scope /i2c_eerom_tb/M24LC04B/TChk513_11456 at time 103134020 ps $setup (SDA,posedge SCL &&& TimingCheckEnable,tSU_DAT) 
WARNING: "F:/FPGA/EEPROM/EEPROM.srcs/sources_1/new/24LC04B.v" Line 507: Timing violation in scope /i2c_eerom_tb/M24LC04B/TChk507_11452 at time 103134745 ps $width (posedge SCL,tHI) 
WARNING: "F:/FPGA/EEPROM/EEPROM.srcs/sources_1/new/24LC04B.v" Line 516: Timing violation in scope /i2c_eerom_tb/M24LC04B/TChk516_11458 at time 103134745 ps $hold (negedge SDA &&& TimingCheckEnable,negedge SCL,tHD_STA) 
WARNING: "F:/FPGA/EEPROM/EEPROM.srcs/sources_1/new/24LC04B.v" Line 508: Timing violation in scope /i2c_eerom_tb/M24LC04B/TChk508_11453 at time 108094745 ps $width (negedge SCL,tLO) 
WARNING: "F:/FPGA/EEPROM/EEPROM.srcs/sources_1/new/24LC04B.v" Line 514: Timing violation in scope /i2c_eerom_tb/M24LC04B/TChk514_11457 at time 113054290 ps $setup (posedge SCL,posedge SDA &&& TimingCheckEnable,tSU_STO) 
WARNING: "F:/FPGA/EEPROM/EEPROM.srcs/sources_1/new/24LC04B.v" Line 507: Timing violation in scope /i2c_eerom_tb/M24LC04B/TChk507_11452 at time 113054745 ps $width (posedge SCL,tHI) 
WARNING: "F:/FPGA/EEPROM/EEPROM.srcs/sources_1/new/24LC04B.v" Line 512: Timing violation in scope /i2c_eerom_tb/M24LC04B/TChk512_11455 at time 113055004 ps $setup (posedge SCL,negedge SDA &&& TimingCheckEnable,tSU_STA) 
WARNING: "F:/FPGA/EEPROM/EEPROM.srcs/sources_1/new/24LC04B.v" Line 508: Timing violation in scope /i2c_eerom_tb/M24LC04B/TChk508_11453 at time 118014745 ps $width (negedge SCL,tLO) 
WARNING: "F:/FPGA/EEPROM/EEPROM.srcs/sources_1/new/24LC04B.v" Line 507: Timing violation in scope /i2c_eerom_tb/M24LC04B/TChk507_11452 at time 122974745 ps $width (posedge SCL,tHI) 
WARNING: "F:/FPGA/EEPROM/EEPROM.srcs/sources_1/new/24LC04B.v" Line 508: Timing violation in scope /i2c_eerom_tb/M24LC04B/TChk508_11453 at time 127934745 ps $width (negedge SCL,tLO) 
WARNING: "F:/FPGA/EEPROM/EEPROM.srcs/sources_1/new/24LC04B.v" Line 507: Timing violation in scope /i2c_eerom_tb/M24LC04B/TChk507_11452 at time 132894745 ps $width (posedge SCL,tHI) 
WARNING: "F:/FPGA/EEPROM/EEPROM.srcs/sources_1/new/24LC04B.v" Line 514: Timing violation in scope /i2c_eerom_tb/M24LC04B/TChk514_11457 at time 132895945 ps $setup (posedge SCL,posedge SDA &&& TimingCheckEnable,tSU_STO) 
WARNING: "F:/FPGA/EEPROM/EEPROM.srcs/sources_1/new/24LC04B.v" Line 512: Timing violation in scope /i2c_eerom_tb/M24LC04B/TChk512_11455 at time 132896404 ps $setup (posedge SCL,negedge SDA &&& TimingCheckEnable,tSU_STA) 
WARNING: "F:/FPGA/EEPROM/EEPROM.srcs/sources_1/new/24LC04B.v" Line 508: Timing violation in scope /i2c_eerom_tb/M24LC04B/TChk508_11453 at time 137854745 ps $width (negedge SCL,tLO) 
WARNING: "F:/FPGA/EEPROM/EEPROM.srcs/sources_1/new/24LC04B.v" Line 507: Timing violation in scope /i2c_eerom_tb/M24LC04B/TChk507_11452 at time 142814745 ps $width (posedge SCL,tHI) 
WARNING: "F:/FPGA/EEPROM/EEPROM.srcs/sources_1/new/24LC04B.v" Line 514: Timing violation in scope /i2c_eerom_tb/M24LC04B/TChk514_11457 at time 142816404 ps $setup (posedge SCL,posedge SDA &&& TimingCheckEnable,tSU_STO) 
WARNING: "F:/FPGA/EEPROM/EEPROM.srcs/sources_1/new/24LC04B.v" Line 508: Timing violation in scope /i2c_eerom_tb/M24LC04B/TChk508_11453 at time 147774745 ps $width (negedge SCL,tLO) 
WARNING: "F:/FPGA/EEPROM/EEPROM.srcs/sources_1/new/24LC04B.v" Line 507: Timing violation in scope /i2c_eerom_tb/M24LC04B/TChk507_11452 at time 152734745 ps $width (posedge SCL,tHI) 
WARNING: "F:/FPGA/EEPROM/EEPROM.srcs/sources_1/new/24LC04B.v" Line 512: Timing violation in scope /i2c_eerom_tb/M24LC04B/TChk512_11455 at time 152735945 ps $setup (posedge SCL,negedge SDA &&& TimingCheckEnable,tSU_STA) 
WARNING: "F:/FPGA/EEPROM/EEPROM.srcs/sources_1/new/24LC04B.v" Line 508: Timing violation in scope /i2c_eerom_tb/M24LC04B/TChk508_11453 at time 28734745 ps $width (negedge SCL,tLO) 
WARNING: "F:/FPGA/EEPROM/EEPROM.srcs/sources_1/new/24LC04B.v" Line 507: Timing violation in scope /i2c_eerom_tb/M24LC04B/TChk507_11452 at time 33694745 ps $width (posedge SCL,tHI) 
WARNING: "F:/FPGA/EEPROM/EEPROM.srcs/sources_1/new/24LC04B.v" Line 512: Timing violation in scope /i2c_eerom_tb/M24LC04B/TChk512_11455 at time 33695568 ps $setup (posedge SCL,negedge SDA &&& TimingCheckEnable,tSU_STA) 
WARNING: "F:/FPGA/EEPROM/EEPROM.srcs/sources_1/new/24LC04B.v" Line 508: Timing violation in scope /i2c_eerom_tb/M24LC04B/TChk508_11453 at time 38654745 ps $width (negedge SCL,tLO) 
WARNING: "F:/FPGA/EEPROM/EEPROM.srcs/sources_1/new/24LC04B.v" Line 507: Timing violation in scope /i2c_eerom_tb/M24LC04B/TChk507_11452 at time 43614745 ps $width (posedge SCL,tHI) 
WARNING: "F:/FPGA/EEPROM/EEPROM.srcs/sources_1/new/24LC04B.v" Line 514: Timing violation in scope /i2c_eerom_tb/M24LC04B/TChk514_11457 at time 43615568 ps $setup (posedge SCL,posedge SDA &&& TimingCheckEnable,tSU_STO) 
WARNING: "F:/FPGA/EEPROM/EEPROM.srcs/sources_1/new/24LC04B.v" Line 508: Timing violation in scope /i2c_eerom_tb/M24LC04B/TChk508_11453 at time 48574745 ps $width (negedge SCL,tLO) 
WARNING: "F:/FPGA/EEPROM/EEPROM.srcs/sources_1/new/24LC04B.v" Line 507: Timing violation in scope /i2c_eerom_tb/M24LC04B/TChk507_11452 at time 53534745 ps $width (posedge SCL,tHI) 
WARNING: "F:/FPGA/EEPROM/EEPROM.srcs/sources_1/new/24LC04B.v" Line 512: Timing violation in scope /i2c_eerom_tb/M24LC04B/TChk512_11455 at time 53535568 ps $setup (posedge SCL,negedge SDA &&& TimingCheckEnable,tSU_STA) 
WARNING: "F:/FPGA/EEPROM/EEPROM.srcs/sources_1/new/24LC04B.v" Line 508: Timing violation in scope /i2c_eerom_tb/M24LC04B/TChk508_11453 at time 58494745 ps $width (negedge SCL,tLO) 
WARNING: "F:/FPGA/EEPROM/EEPROM.srcs/sources_1/new/24LC04B.v" Line 507: Timing violation in scope /i2c_eerom_tb/M24LC04B/TChk507_11452 at time 63454745 ps $width (posedge SCL,tHI) 
WARNING: "F:/FPGA/EEPROM/EEPROM.srcs/sources_1/new/24LC04B.v" Line 514: Timing violation in scope /i2c_eerom_tb/M24LC04B/TChk514_11457 at time 63455568 ps $setup (posedge SCL,posedge SDA &&& TimingCheckEnable,tSU_STO) 
WARNING: "F:/FPGA/EEPROM/EEPROM.srcs/sources_1/new/24LC04B.v" Line 512: Timing violation in scope /i2c_eerom_tb/M24LC04B/TChk512_11455 at time 63456011 ps $setup (posedge SCL,negedge SDA &&& TimingCheckEnable,tSU_STA) 
WARNING: "F:/FPGA/EEPROM/EEPROM.srcs/sources_1/new/24LC04B.v" Line 508: Timing violation in scope /i2c_eerom_tb/M24LC04B/TChk508_11453 at time 68414745 ps $width (negedge SCL,tLO) 
WARNING: "F:/FPGA/EEPROM/EEPROM.srcs/sources_1/new/24LC04B.v" Line 507: Timing violation in scope /i2c_eerom_tb/M24LC04B/TChk507_11452 at time 73374745 ps $width (posedge SCL,tHI) 
WARNING: "F:/FPGA/EEPROM/EEPROM.srcs/sources_1/new/24LC04B.v" Line 508: Timing violation in scope /i2c_eerom_tb/M24LC04B/TChk508_11453 at time 78334745 ps $width (negedge SCL,tLO) 
WARNING: "F:/FPGA/EEPROM/EEPROM.srcs/sources_1/new/24LC04B.v" Line 507: Timing violation in scope /i2c_eerom_tb/M24LC04B/TChk507_11452 at time 83294745 ps $width (posedge SCL,tHI) 
WARNING: "F:/FPGA/EEPROM/EEPROM.srcs/sources_1/new/24LC04B.v" Line 508: Timing violation in scope /i2c_eerom_tb/M24LC04B/TChk508_11453 at time 88254745 ps $width (negedge SCL,tLO) 
WARNING: "F:/FPGA/EEPROM/EEPROM.srcs/sources_1/new/24LC04B.v" Line 507: Timing violation in scope /i2c_eerom_tb/M24LC04B/TChk507_11452 at time 93214745 ps $width (posedge SCL,tHI) 
WARNING: "F:/FPGA/EEPROM/EEPROM.srcs/sources_1/new/24LC04B.v" Line 508: Timing violation in scope /i2c_eerom_tb/M24LC04B/TChk508_11453 at time 98174745 ps $width (negedge SCL,tLO) 
WARNING: "F:/FPGA/EEPROM/EEPROM.srcs/sources_1/new/24LC04B.v" Line 513: Timing violation in scope /i2c_eerom_tb/M24LC04B/TChk513_11456 at time 103134020 ps $setup (SDA,posedge SCL &&& TimingCheckEnable,tSU_DAT) 
WARNING: "F:/FPGA/EEPROM/EEPROM.srcs/sources_1/new/24LC04B.v" Line 507: Timing violation in scope /i2c_eerom_tb/M24LC04B/TChk507_11452 at time 103134745 ps $width (posedge SCL,tHI) 
WARNING: "F:/FPGA/EEPROM/EEPROM.srcs/sources_1/new/24LC04B.v" Line 516: Timing violation in scope /i2c_eerom_tb/M24LC04B/TChk516_11458 at time 103134745 ps $hold (negedge SDA &&& TimingCheckEnable,negedge SCL,tHD_STA) 
WARNING: "F:/FPGA/EEPROM/EEPROM.srcs/sources_1/new/24LC04B.v" Line 508: Timing violation in scope /i2c_eerom_tb/M24LC04B/TChk508_11453 at time 108094745 ps $width (negedge SCL,tLO) 
WARNING: "F:/FPGA/EEPROM/EEPROM.srcs/sources_1/new/24LC04B.v" Line 514: 