Vivado Simulator 2017.4
Copyright 1986-1999, 2001-2016 Xilinx, Inc. All Rights Reserved.
Running: E:/vivado/Vivado/2017.4/bin/unwrapped/win64.o/xelab.exe -wto 176959f48c624cac823e2f4e446945c8 --incr --debug typical --relax --mt 2 -L xil_defaultlib -L fifo_generator_v13_2_1 -L unisims_ver -L unimacro_ver -L secureip -L xpm --snapshot vtf_fifo_behav xil_defaultlib.vtf_fifo xil_defaultlib.glbl -log elaborate.log 
Using 2 slave threads.
Starting static elaboration
WARNING: [VRFC 10-278] actual bit length 9 differs from formal bit length 10 for port probe3 [F:/FPGA/FIFO/FIFO.srcs/sources_1/new/fifo.v:186]
WARNING: [VRFC 10-278] actual bit length 9 differs from formal bit length 10 for port probe3 [F:/FPGA/FIFO/FIFO.srcs/sources_1/new/fifo.v:196]
Completed static elaboration
Starting simulation data flow analysis
Completed simulation data flow analysis
Time Resolution for simulation is 1ps
Compiling module unisims_ver.IBUF
Compiling module unisims_ver.MMCME2_ADV(CLKFBOUT_MULT_F=19.5,...
Compiling module unisims_ver.BUFG
Compiling module xil_defaultlib.clk_wiz_0_clk_wiz
Compiling module xil_defaultlib.clk_wiz_0
Compiling module fifo_generator_v13_2_1.fifo_generator_v13_2_1_sync_stag...
Compiling module fifo_generator_v13_2_1.fifo_generator_v13_2_1_bhv_ver_a...
Compiling module fifo_generator_v13_2_1.fifo_generator_v13_2_1_CONV_VER(...
Compiling module fifo_generator_v13_2_1.fifo_generator_vlog_beh(C_DATA_C...
Compiling module fifo_generator_v13_2_1.fifo_generator_v13_2_1(C_EN_SAFE...
Compiling module xil_defaultlib.fifo_ip
Compiling module xil_defaultlib.ila_0
Compiling module xil_defaultlib.fifo
Compiling module xil_defaultlib.vtf_fifo
Compiling module xil_defaultlib.glbl
Built simulation snapshot vtf_fifo_behav
