#-----------------------------------------------------------
# Vivado v2017.4 (64-bit)
# SW Build 2086221 on Fri Dec 15 20:55:39 MST 2017
# IP Build 2085800 on Fri Dec 15 22:25:07 MST 2017
# Start of session at: Thu Nov 28 17:45:18 2024
# Process ID: 32132
# Current directory: F:/FPGA/EEPROM
# Command line: vivado.exe -gui_launcher_event rodinguilauncherevent49596 F:\FPGA\EEPROM\EEPROM.xpr
# Log file: F:/FPGA/EEPROM/vivado.log
# Journal file: F:/FPGA/EEPROM\vivado.jou
#-----------------------------------------------------------
start_gui
open_project F:/FPGA/EEPROM/EEPROM.xpr
Scanning sources...
Finished scanning sources
INFO: [IP_Flow 19-234] Refreshing IP repositories
INFO: [IP_Flow 19-1704] No user IP repositories specified
INFO: [IP_Flow 19-2313] Loaded Vivado IP repository 'E:/vivado/Vivado/2017.4/data/ip'.
open_project: Time (s): cpu = 00:00:14 ; elapsed = 00:00:06 . Memory (MB): peak = 1036.191 ; gain = 277.824
update_compile_order -fileset sources_1
exit
INFO: [Common 17-206] Exiting Vivado at Thu Nov 28 17:46:30 2024...
