Copyright 1986-2017 Xilinx, Inc. All Rights Reserved.
------------------------------------------------------------------------------------------
| Tool Version : Vivado v.2017.4 (win64) Build 2086221 Fri Dec 15 20:55:39 MST 2017
| Date         : Sat Nov 23 23:19:19 2024
| Host         : LAPTOP-8FN33LQG running 64-bit major release  (build 9200)
| Command      : report_control_sets -verbose -file i2c_eerom_top_control_sets_placed.rpt
| Design       : i2c_eerom_top
| Device       : xc7z020
------------------------------------------------------------------------------------------

Control Set Information

Table of Contents
-----------------
1. Summary
2. Flip-Flop Distribution
3. Detailed Control Set Information

1. Summary
----------

+----------------------------------------------------------+-------+
|                          Status                          | Count |
+----------------------------------------------------------+-------+
| Number of unique control sets                            |    10 |
| Unused register locations in slices containing registers |    23 |
+----------------------------------------------------------+-------+


2. Flip-Flop Distribution
-------------------------

+--------------+-----------------------+------------------------+-----------------+--------------+
| Clock Enable | Synchronous Set/Reset | Asynchronous Set/Reset | Total Registers | Total Slices |
+--------------+-----------------------+------------------------+-----------------+--------------+
| No           | No                    | No                     |               0 |            0 |
| No           | No                    | Yes                    |              55 |           25 |
| No           | Yes                   | No                     |               0 |            0 |
| Yes          | No                    | No                     |               0 |            0 |
| Yes          | No                    | Yes                    |             114 |           32 |
| Yes          | Yes                   | No                     |               0 |            0 |
+--------------+-----------------------+------------------------+-----------------+--------------+


3. Detailed Control Set Information
-----------------------------------

+--------------------+-----------------------------------+-------------------------------------------------+------------------+----------------+
|    Clock Signal    |           Enable Signal           |                 Set/Reset Signal                | Slice Load Count | Bel Load Count |
+--------------------+-----------------------------------+-------------------------------------------------+------------------+----------------+
|  clk_BUFG          | i2c_ctrl/data_out_reg[3][0]       | i2c_rw_data/accross_clock_read/cnt_clk_reg[0]_0 |                2 |              4 |
|  clk_BUFG          | i2c_ctrl/state[3]_i_1_n_0         | i2c_rw_data/accross_clock_read/cnt_clk_reg[0]_0 |                2 |              4 |
|  clk_BUFG          | i2c_ctrl/cnt_B[6]_i_1_n_0         | i2c_rw_data/accross_clock_read/cnt_clk_reg[0]_0 |                2 |              7 |
|  clk_BUFG          | i2c_ctrl/E[0]                     | i2c_rw_data/accross_clock_read/cnt_clk_reg[0]_0 |                2 |              8 |
|  clk_BUFG          | i2c_rw_data/cnt_start[10]_i_1_n_0 | i2c_rw_data/accross_clock_read/cnt_clk_reg[0]_0 |                3 |             11 |
|  clk_BUFG          | i2c_rw_data/byte_addr[0]_i_1_n_0  | i2c_rw_data/accross_clock_read/cnt_clk_reg[0]_0 |                4 |             16 |
|  clk_BUFG          |                                   | i2c_rw_data/accross_clock_read/cnt_clk_reg[0]_0 |                9 |             18 |
|  sys_clk_IBUF_BUFG | read_key/q_reg[31]_i_1_n_0        | i2c_rw_data/accross_clock_read/cnt_clk_reg[0]_0 |                9 |             32 |
|  sys_clk_IBUF_BUFG | write_key/q_reg[31]_i_1__0_n_0    | i2c_rw_data/accross_clock_read/cnt_clk_reg[0]_0 |                8 |             32 |
|  sys_clk_IBUF_BUFG |                                   | i2c_rw_data/accross_clock_read/cnt_clk_reg[0]_0 |               16 |             37 |
+--------------------+-----------------------------------+-------------------------------------------------+------------------+----------------+


+--------+-----------------------+
| Fanout | Number of ControlSets |
+--------+-----------------------+
| 4      |                     2 |
| 7      |                     1 |
| 8      |                     1 |
| 11     |                     1 |
| 16+    |                     5 |
+--------+-----------------------+


